// Jest Snapshot v1, https://goo.gl/fbAQLP

exports[`matches snapshot 1`] = `
<DocumentFragment>
  <div
    class="Coin"
  >
    <h1>
      Let's flip a coin!
    </h1>
    <div>
      <button
        class="Coin-btn"
        data-testid="coin-btn"
      >
        FLIP ME
      </button>
    </div>
    <p
      data-testid="coin-count"
    >
      Out of 0 flips, there have been 0 heads and 0 tails.
    </p>
  </div>
</DocumentFragment>
`;
